2026-09-02 02:10:38,183 [train.task2] INFO: Run directory: results/task2/20260902-021038
2026-09-02 02:10:38,183 [train.task2] INFO: device: cuda
2026-09-02 02:10:39,981 [train.task2] INFO: class weights (train-only, sqrt-smoothed, clipped): [4.630000114440918, 1.590000033378601, 2.9600000381469727, 5.0, 0.5, 0.8299999833106995, 1.0099999904632568, 0.8399999737739563, 1.090000033378601, 1.2400000095367432, 2.0199999809265137, 1.75, 1.149999976158142, 0.4699999988079071, 3.640000104904175, 3.640000104904175]
2026-09-02 02:10:47,275 [train.task2] INFO: epoch 0: train_loss=2.1764 val_loss=1.7872 val_macro_f1=0.2360 val_micro_f1=0.5327
2026-09-02 02:10:57,891 [train.task2] INFO: epoch 1: train_loss=1.8376 val_loss=1.7023 val_macro_f1=0.3196 val_micro_f1=0.5499
2026-09-02 02:11:05,640 [train.task2] INFO: epoch 2: train_loss=1.7709 val_loss=1.6789 val_macro_f1=0.3203 val_micro_f1=0.5351
2026-09-02 02:11:13,381 [train.task2] INFO: epoch 3: train_loss=1.7343 val_loss=1.7005 val_macro_f1=0.3015 val_micro_f1=0.4988
2026-09-02 02:11:20,978 [train.task2] INFO: epoch 4: train_loss=1.7096 val_loss=1.6396 val_macro_f1=0.3439 val_micro_f1=0.5551
2026-09-02 02:11:32,031 [train.task2] INFO: epoch 5: train_loss=1.6879 val_loss=1.6063 val_macro_f1=0.3394 val_micro_f1=0.5827
2026-09-02 02:11:39,774 [train.task2] INFO: epoch 6: train_loss=1.6636 val_loss=1.6369 val_macro_f1=0.2965 val_micro_f1=0.5523
2026-09-02 02:11:47,159 [train.task2] INFO: epoch 7: train_loss=1.6568 val_loss=1.6202 val_macro_f1=0.3372 val_micro_f1=0.5627
2026-09-02 02:11:53,809 [train.task2] INFO: epoch 8: train_loss=1.6442 val_loss=1.6671 val_macro_f1=0.3033 val_micro_f1=0.5551
2026-09-02 02:12:03,555 [train.task2] INFO: epoch 9: train_loss=1.6272 val_loss=1.5959 val_macro_f1=0.3431 val_micro_f1=0.5763
2026-09-02 02:12:10,638 [train.task2] INFO: epoch 10: train_loss=1.6171 val_loss=1.6087 val_macro_f1=0.3297 val_micro_f1=0.5663
2026-09-02 02:12:17,069 [train.task2] INFO: epoch 11: train_loss=1.6122 val_loss=1.6052 val_macro_f1=0.3283 val_micro_f1=0.5647
2026-09-02 02:12:23,326 [train.task2] INFO: epoch 12: train_loss=1.5989 val_loss=1.5883 val_macro_f1=0.3511 val_micro_f1=0.5575
2026-09-02 02:12:29,912 [train.task2] INFO: epoch 13: train_loss=1.5935 val_loss=1.5875 val_macro_f1=0.3498 val_micro_f1=0.5631
2026-09-02 02:12:39,506 [train.task2] INFO: epoch 14: train_loss=1.5948 val_loss=1.6236 val_macro_f1=0.3232 val_micro_f1=0.5623
2026-09-02 02:12:46,144 [train.task2] INFO: epoch 15: train_loss=1.5854 val_loss=1.5862 val_macro_f1=0.3426 val_micro_f1=0.5779
2026-09-02 02:12:52,615 [train.task2] INFO: epoch 16: train_loss=1.5741 val_loss=1.5802 val_macro_f1=0.3541 val_micro_f1=0.5787
2026-09-02 02:12:59,233 [train.task2] INFO: epoch 17: train_loss=1.5680 val_loss=1.6020 val_macro_f1=0.3447 val_micro_f1=0.5727
2026-09-02 02:13:05,873 [train.task2] INFO: epoch 18: train_loss=1.5626 val_loss=1.5665 val_macro_f1=0.3484 val_micro_f1=0.5911
2026-09-02 02:13:15,543 [train.task2] INFO: epoch 19: train_loss=1.5647 val_loss=1.5628 val_macro_f1=0.3432 val_micro_f1=0.5815
2026-09-02 02:13:22,230 [train.task2] INFO: epoch 20: train_loss=1.5587 val_loss=1.5892 val_macro_f1=0.3353 val_micro_f1=0.5703
2026-09-02 02:13:28,941 [train.task2] INFO: epoch 21: train_loss=1.5491 val_loss=1.5796 val_macro_f1=0.3485 val_micro_f1=0.5763
2026-09-02 02:13:35,504 [train.task2] INFO: epoch 22: train_loss=1.5423 val_loss=1.5862 val_macro_f1=0.3248 val_micro_f1=0.5859
2026-09-02 02:13:42,189 [train.task2] INFO: epoch 23: train_loss=1.5443 val_loss=1.5841 val_macro_f1=0.3251 val_micro_f1=0.5843
2026-09-02 02:13:51,908 [train.task2] INFO: epoch 24: train_loss=1.5382 val_loss=1.5809 val_macro_f1=0.3474 val_micro_f1=0.5743
2026-09-02 02:13:58,308 [train.task2] INFO: epoch 25: train_loss=1.5351 val_loss=1.6016 val_macro_f1=0.3410 val_micro_f1=0.5559
2026-09-02 02:14:05,043 [train.task2] INFO: epoch 26: train_loss=1.5285 val_loss=1.5743 val_macro_f1=0.3440 val_micro_f1=0.5811
2026-09-02 02:14:11,247 [train.task2] INFO: epoch 27: train_loss=1.5229 val_loss=1.5723 val_macro_f1=0.3315 val_micro_f1=0.5871
2026-09-02 02:14:18,159 [train.task2] INFO: epoch 28: train_loss=1.5173 val_loss=1.6002 val_macro_f1=0.3646 val_micro_f1=0.5699
2026-09-02 02:14:28,117 [train.task2] INFO: epoch 29: train_loss=1.5198 val_loss=1.5972 val_macro_f1=0.3260 val_micro_f1=0.5851
2026-09-02 02:14:28,117 [train.task2] INFO: early stopping at epoch 29
2026-09-02 02:14:28,853 [train.task2] INFO: TEST: gnn_macro_f1=0.3120 gnn_micro_f1=0.5342
2026-09-02 02:14:28,853 [train.task2] INFO: TEST: b1_majority_macro_f1=0.0270 b1_majority_micro_f1=0.2760
