2026-09-06 23:01:37,814 [train.task1] INFO: Run directory: results/task1/20260906-230137
2026-09-06 23:01:37,814 [train.task1] INFO: device: cuda, text_source: musiccaps
2026-09-06 23:01:39,014 [train.task1] INFO: Task 1 (MusicCaps) target aspect vocabulary (top-50, from TRAIN only): ['low quality', 'instrumental', 'passionate', 'noisy', 'emotional', 'slow tempo', 'energetic', 'amateur recording', 'live performance', 'medium tempo', 'mono', 'acoustic drums', 'fast tempo', 'groovy', 'groovy bass', 'moderate tempo', 'electric guitar', 'bass guitar', 'no voices', 'shimmering hi hats', 'punchy kick', 'male voice', 'percussion', 'piano', 'exciting', 'punchy snare', 'no other instruments', 'acoustic guitar', 'instrumental music', 'bass', 'pop', 'male vocal', 'upbeat', 'romantic', 'flat male vocal', 'happy', 'rock', 'cheerful', 'e-bass', 'uptempo', 'easygoing', 'mellow', 'relaxing', 'classical', 'melodic singing', 'soulful', 'joyful', 'male singer', 'keyboard', 'calming']
2026-09-06 23:01:40,676 [train.task1] INFO: Task 1 dataset sizes: train=2397 val=266 test=2858
2026-09-06 23:02:04,040 [train.task1] INFO: Task 1 pos_weight (train-only, sqrt-smoothed, clipped): [1.7599999904632568, 2.140000104904175, 2.4600000381469727, 2.5199999809265137, 2.7300000190734863, 3.069999933242798, 3.059999942779541, 3.069999933242798, 3.109999895095825, 3.1500000953674316, 3.200000047683716, 3.690000057220459, 3.9000000953674316, 3.9700000286102295, 4.25, 4.25, 4.340000152587891, 4.340000152587891, 4.380000114440918, 4.380000114440918, 4.449999809265137, 4.480000019073486, 4.5, 4.559999942779541, 4.650000095367432, 4.650000095367432, 4.699999809265137, 4.71999979019165, 4.980000019073486, 4.949999809265137, 5.059999942779541, 5.010000228881836, 5.090000152587891, 5.380000114440918, 5.150000095367432, 5.179999828338623, 5.349999904632568, 5.53000020980835, 5.449999809265137, 5.449999809265137, 5.599999904632568, 5.849999904632568, 5.809999942779541, 5.809999942779541, 5.849999904632568, 5.900000095367432, 5.900000095367432, 5.940000057220459, 5.989999771118164, 6.039999961853027]
2026-09-06 23:02:37,875 [train.task1] INFO: [BERT] epoch 0: train_loss=0.7048 val_loss=0.5938 val_macro_f1=0.0000 val_micro_f1=0.0000 val_auc_pr=0.1457
2026-09-06 23:02:50,501 [train.task1] INFO: [BERT] epoch 1: train_loss=0.5591 val_loss=0.5358 val_macro_f1=0.0189 val_micro_f1=0.1397 val_auc_pr=0.2319
2026-09-06 23:03:03,467 [train.task1] INFO: [BERT] epoch 2: train_loss=0.5127 val_loss=0.4906 val_macro_f1=0.0900 val_micro_f1=0.3318 val_auc_pr=0.2823
2026-09-06 23:03:10,197 [train.task1] INFO: [BERT] epoch 3: train_loss=0.4766 val_loss=0.4601 val_macro_f1=0.1239 val_micro_f1=0.3677 val_auc_pr=0.3218
2026-09-06 23:03:17,207 [train.task1] INFO: [BERT] epoch 4: train_loss=0.4526 val_loss=0.4382 val_macro_f1=0.1806 val_micro_f1=0.4150 val_auc_pr=0.3526
2026-09-06 23:03:24,102 [train.task1] INFO: [BERT] epoch 5: train_loss=0.4334 val_loss=0.4191 val_macro_f1=0.2110 val_micro_f1=0.4436 val_auc_pr=0.3745
2026-09-06 23:03:33,727 [train.task1] INFO: [BERT] epoch 6: train_loss=0.4166 val_loss=0.4043 val_macro_f1=0.2445 val_micro_f1=0.4751 val_auc_pr=0.4027
2026-09-06 23:03:40,344 [train.task1] INFO: [BERT] epoch 7: train_loss=0.4028 val_loss=0.3913 val_macro_f1=0.2786 val_micro_f1=0.5036 val_auc_pr=0.4245
2026-09-06 23:03:46,942 [train.task1] INFO: [BERT] epoch 8: train_loss=0.3916 val_loss=0.3798 val_macro_f1=0.3112 val_micro_f1=0.4997 val_auc_pr=0.4387
2026-09-06 23:03:53,610 [train.task1] INFO: [BERT] epoch 9: train_loss=0.3808 val_loss=0.3708 val_macro_f1=0.3461 val_micro_f1=0.5104 val_auc_pr=0.4511
2026-09-06 23:04:00,242 [train.task1] INFO: [BERT] epoch 10: train_loss=0.3711 val_loss=0.3621 val_macro_f1=0.3779 val_micro_f1=0.5308 val_auc_pr=0.4596
2026-09-06 23:04:09,784 [train.task1] INFO: [BERT] epoch 11: train_loss=0.3631 val_loss=0.3560 val_macro_f1=0.3638 val_micro_f1=0.5405 val_auc_pr=0.4664
2026-09-06 23:04:16,412 [train.task1] INFO: [BERT] epoch 12: train_loss=0.3550 val_loss=0.3499 val_macro_f1=0.4124 val_micro_f1=0.5479 val_auc_pr=0.4863
2026-09-06 23:04:23,030 [train.task1] INFO: [BERT] epoch 13: train_loss=0.3486 val_loss=0.3447 val_macro_f1=0.4257 val_micro_f1=0.5572 val_auc_pr=0.4890
2026-09-06 23:04:29,645 [train.task1] INFO: [BERT] epoch 14: train_loss=0.3435 val_loss=0.3394 val_macro_f1=0.4376 val_micro_f1=0.5557 val_auc_pr=0.5087
2026-09-06 23:04:36,378 [train.task1] INFO: [BERT] epoch 15: train_loss=0.3369 val_loss=0.3353 val_macro_f1=0.4722 val_micro_f1=0.5656 val_auc_pr=0.5176
2026-09-06 23:04:46,031 [train.task1] INFO: [BERT] epoch 16: train_loss=0.3314 val_loss=0.3267 val_macro_f1=0.4657 val_micro_f1=0.5871 val_auc_pr=0.5282
2026-09-06 23:04:52,760 [train.task1] INFO: [BERT] epoch 17: train_loss=0.3271 val_loss=0.3247 val_macro_f1=0.4648 val_micro_f1=0.5720 val_auc_pr=0.5353
2026-09-06 23:04:59,370 [train.task1] INFO: [BERT] epoch 18: train_loss=0.3224 val_loss=0.3193 val_macro_f1=0.4789 val_micro_f1=0.5907 val_auc_pr=0.5410
2026-09-06 23:05:05,979 [train.task1] INFO: [BERT] epoch 19: train_loss=0.3188 val_loss=0.3180 val_macro_f1=0.4719 val_micro_f1=0.5949 val_auc_pr=0.5405
2026-09-06 23:05:12,640 [train.task1] INFO: [BERT] epoch 20: train_loss=0.3150 val_loss=0.3123 val_macro_f1=0.4990 val_micro_f1=0.5998 val_auc_pr=0.5506
2026-09-06 23:05:22,260 [train.task1] INFO: [BERT] epoch 21: train_loss=0.3125 val_loss=0.3094 val_macro_f1=0.4914 val_micro_f1=0.5967 val_auc_pr=0.5506
2026-09-06 23:05:28,960 [train.task1] INFO: [BERT] epoch 22: train_loss=0.3098 val_loss=0.3091 val_macro_f1=0.5056 val_micro_f1=0.5914 val_auc_pr=0.5546
2026-09-06 23:05:35,843 [train.task1] INFO: [BERT] epoch 23: train_loss=0.3066 val_loss=0.3064 val_macro_f1=0.5014 val_micro_f1=0.6067 val_auc_pr=0.5576
2026-09-06 23:05:42,522 [train.task1] INFO: [BERT] epoch 24: train_loss=0.3046 val_loss=0.3031 val_macro_f1=0.5068 val_micro_f1=0.6023 val_auc_pr=0.5627
2026-09-06 23:05:49,045 [train.task1] INFO: [BERT] epoch 25: train_loss=0.3026 val_loss=0.3008 val_macro_f1=0.4989 val_micro_f1=0.6053 val_auc_pr=0.5683
2026-09-06 23:05:58,662 [train.task1] INFO: [BERT] epoch 26: train_loss=0.3011 val_loss=0.3008 val_macro_f1=0.5006 val_micro_f1=0.6073 val_auc_pr=0.5723
2026-09-06 23:06:05,195 [train.task1] INFO: [BERT] epoch 27: train_loss=0.2998 val_loss=0.3026 val_macro_f1=0.4919 val_micro_f1=0.5850 val_auc_pr=0.5714
2026-09-06 23:06:11,659 [train.task1] INFO: [BERT] epoch 28: train_loss=0.2977 val_loss=0.2970 val_macro_f1=0.5127 val_micro_f1=0.6117 val_auc_pr=0.5699
2026-09-06 23:06:18,119 [train.task1] INFO: [BERT] epoch 29: train_loss=0.2972 val_loss=0.2972 val_macro_f1=0.5074 val_micro_f1=0.6049 val_auc_pr=0.5749
2026-09-06 23:06:19,933 [train.task1] INFO: Task 1 per-tag thresholds (tuned on val only): [0.7, 0.5, 0.75, 0.65, 0.6, 0.6, 0.55, 0.65, 0.5, 0.55, 0.75, 0.55, 0.45, 0.5, 0.6, 0.55, 0.65, 0.65, 0.7, 0.65, 0.65, 0.25, 0.35, 0.35, 0.55, 0.65, 0.65, 0.45, 0.8, 0.45, 0.45, 0.7, 0.65, 0.7, 0.5, 0.7, 0.4, 0.6, 0.65, 0.5, 0.55, 0.4, 0.2, 0.35, 0.65, 0.55, 0.45, 0.55, 0.6, 0.55]
2026-09-06 23:06:24,549 [train.task1] INFO: [BERT] TEST: macro_f1=0.4436 micro_f1=0.5111 auc_pr=0.4529
