2026-09-07 01:55:12,995 [train.task3] INFO: Run directory: results/task3/20260907-015512
2026-09-07 01:55:12,995 [train.task3] INFO: device: cuda
2026-09-07 01:55:14,991 [train.task3] INFO: Task 3 target vocabulary (16 genres + top-20 tags, from TRAIN only): ['genre:Blues', 'genre:Classical', 'genre:Country', 'genre:Easy Listening', 'genre:Electronic', 'genre:Experimental', 'genre:Folk', 'genre:Hip-Hop', 'genre:Instrumental', 'genre:International', 'genre:Jazz', 'genre:Old-Time / Historic', 'genre:Pop', 'genre:Rock', 'genre:Soul-RnB', 'genre:Spoken', 'experimental', 'electronic', 'instrumental', 'classical', 'idm', 'electronica', 'horror', 'techno', 'tracks to sync', 'punk', 'rock', 'piano', 'hip hop', 'acoustic', 'electro', 'jazz', 'noise', 'soundtrack', 'psychedelic', 'clinical archives']
2026-09-07 01:55:15,704 [train.task3] INFO: Task 3 dataset sizes: train=3355 val=523 test=526
2026-09-07 01:55:15,707 [train.task3] INFO: Task 3 pos_weight (train-only, sqrt-smoothed, clipped): [10.0, 3.640000104904175, 10.0, 10.0, 1.5099999904632568, 2.7699999809265137, 5.510000228881836, 4.769999980926514, 4.0, 4.71999979019165, 5.860000133514404, 10.0, 4.849999904632568, 1.7799999713897705, 10.0, 10.0, 2.8399999141693115, 2.890000104904175, 3.4200000762939453, 3.990000009536743, 4.059999942779541, 4.079999923706055, 4.46999979019165, 4.480000019073486, 4.71999979019165, 4.880000114440918, 5.059999942779541, 5.190000057220459, 5.309999942779541, 5.380000114440918, 5.559999942779541, 5.590000152587891, 5.679999828338623, 5.710000038146973, 5.860000133514404, 6.059999942779541]
2026-09-07 01:55:17,435 [train.task3] INFO: === Task 3 ablation: gnn_only ===
2026-09-07 01:55:21,992 [train.task3] INFO: [gnn_only] epoch 0: train_loss=0.6400 val_loss=0.3997 val_macro_f1=0.1261 val_micro_f1=0.3591 val_auc_pr=0.1864
2026-09-07 01:55:25,049 [train.task3] INFO: [gnn_only] epoch 1: train_loss=0.4710 val_loss=0.4017 val_macro_f1=0.1472 val_micro_f1=0.3489 val_auc_pr=0.2055
2026-09-07 01:55:28,248 [train.task3] INFO: [gnn_only] epoch 2: train_loss=0.4473 val_loss=0.3948 val_macro_f1=0.1500 val_micro_f1=0.3623 val_auc_pr=0.2120
2026-09-07 01:55:31,583 [train.task3] INFO: [gnn_only] epoch 3: train_loss=0.4341 val_loss=0.3984 val_macro_f1=0.1629 val_micro_f1=0.3887 val_auc_pr=0.2218
2026-09-07 01:55:34,856 [train.task3] INFO: [gnn_only] epoch 4: train_loss=0.4284 val_loss=0.3936 val_macro_f1=0.1704 val_micro_f1=0.3957 val_auc_pr=0.2369
2026-09-07 01:55:37,976 [train.task3] INFO: [gnn_only] epoch 5: train_loss=0.4224 val_loss=0.3974 val_macro_f1=0.1732 val_micro_f1=0.3987 val_auc_pr=0.2383
2026-09-07 01:55:41,172 [train.task3] INFO: [gnn_only] epoch 6: train_loss=0.4182 val_loss=0.3812 val_macro_f1=0.1726 val_micro_f1=0.4148 val_auc_pr=0.2403
2026-09-07 01:55:44,464 [train.task3] INFO: [gnn_only] epoch 7: train_loss=0.4160 val_loss=0.3898 val_macro_f1=0.1680 val_micro_f1=0.3848 val_auc_pr=0.2370
2026-09-07 01:55:51,133 [train.task3] INFO: [gnn_only] epoch 8: train_loss=0.4126 val_loss=0.3837 val_macro_f1=0.1740 val_micro_f1=0.3854 val_auc_pr=0.2324
2026-09-07 01:55:54,247 [train.task3] INFO: [gnn_only] epoch 9: train_loss=0.4099 val_loss=0.3857 val_macro_f1=0.1378 val_micro_f1=0.3811 val_auc_pr=0.2326
2026-09-07 01:55:57,418 [train.task3] INFO: [gnn_only] epoch 10: train_loss=0.4100 val_loss=0.3819 val_macro_f1=0.1579 val_micro_f1=0.4025 val_auc_pr=0.2334
2026-09-07 01:56:00,347 [train.task3] INFO: [gnn_only] epoch 11: train_loss=0.4086 val_loss=0.3805 val_macro_f1=0.1712 val_micro_f1=0.4160 val_auc_pr=0.2346
2026-09-07 01:56:00,347 [train.task3] INFO: [gnn_only] early stopping at epoch 11
2026-09-07 01:56:01,797 [train.task3] INFO: [gnn_only] TEST: macro_f1=0.1518 micro_f1=0.1517 auc_pr=0.1956
2026-09-07 01:56:01,797 [train.task3] INFO: === Task 3 ablation: bert_only ===
2026-09-07 01:56:12,454 [train.task3] INFO: [bert_only] epoch 0: train_loss=0.6496 val_loss=0.4826 val_macro_f1=0.0075 val_micro_f1=0.0632 val_auc_pr=0.1391
2026-09-07 01:56:25,898 [train.task3] INFO: [bert_only] epoch 1: train_loss=0.4949 val_loss=0.4446 val_macro_f1=0.0028 val_micro_f1=0.0129 val_auc_pr=0.1610
2026-09-07 01:56:35,813 [train.task3] INFO: [bert_only] epoch 2: train_loss=0.4643 val_loss=0.4282 val_macro_f1=0.0257 val_micro_f1=0.2141 val_auc_pr=0.1761
2026-09-07 01:56:45,797 [train.task3] INFO: [bert_only] epoch 3: train_loss=0.4393 val_loss=0.4143 val_macro_f1=0.0585 val_micro_f1=0.3461 val_auc_pr=0.2065
2026-09-07 01:56:55,784 [train.task3] INFO: [bert_only] epoch 4: train_loss=0.4156 val_loss=0.4091 val_macro_f1=0.0579 val_micro_f1=0.3323 val_auc_pr=0.2068
2026-09-07 01:57:09,582 [train.task3] INFO: [bert_only] epoch 5: train_loss=0.3967 val_loss=0.3961 val_macro_f1=0.0557 val_micro_f1=0.3247 val_auc_pr=0.2400
2026-09-07 01:57:19,780 [train.task3] INFO: [bert_only] epoch 6: train_loss=0.3805 val_loss=0.3937 val_macro_f1=0.0612 val_micro_f1=0.3255 val_auc_pr=0.2448
2026-09-07 01:57:30,014 [train.task3] INFO: [bert_only] epoch 7: train_loss=0.3680 val_loss=0.3909 val_macro_f1=0.1273 val_micro_f1=0.4096 val_auc_pr=0.2514
2026-09-07 01:57:44,156 [train.task3] INFO: [bert_only] epoch 8: train_loss=0.3570 val_loss=0.3855 val_macro_f1=0.1107 val_micro_f1=0.3734 val_auc_pr=0.2474
2026-09-07 01:57:54,485 [train.task3] INFO: [bert_only] epoch 9: train_loss=0.3484 val_loss=0.3815 val_macro_f1=0.0862 val_micro_f1=0.3389 val_auc_pr=0.2581
2026-09-07 01:58:04,502 [train.task3] INFO: [bert_only] epoch 10: train_loss=0.3417 val_loss=0.3841 val_macro_f1=0.1169 val_micro_f1=0.3659 val_auc_pr=0.2566
2026-09-07 01:58:18,573 [train.task3] INFO: [bert_only] epoch 11: train_loss=0.3346 val_loss=0.3787 val_macro_f1=0.1281 val_micro_f1=0.3835 val_auc_pr=0.2707
2026-09-07 01:58:29,607 [train.task3] INFO: [bert_only] epoch 12: train_loss=0.3305 val_loss=0.3827 val_macro_f1=0.1271 val_micro_f1=0.3790 val_auc_pr=0.2621
2026-09-07 01:58:40,431 [train.task3] INFO: [bert_only] epoch 13: train_loss=0.3273 val_loss=0.3817 val_macro_f1=0.1380 val_micro_f1=0.3770 val_auc_pr=0.2616
2026-09-07 01:58:54,828 [train.task3] INFO: [bert_only] epoch 14: train_loss=0.3224 val_loss=0.3809 val_macro_f1=0.1161 val_micro_f1=0.3758 val_auc_pr=0.2618
2026-09-07 01:59:05,739 [train.task3] INFO: [bert_only] epoch 15: train_loss=0.3201 val_loss=0.3813 val_macro_f1=0.1152 val_micro_f1=0.2647 val_auc_pr=0.2598
2026-09-07 01:59:16,844 [train.task3] INFO: [bert_only] epoch 16: train_loss=0.3171 val_loss=0.3812 val_macro_f1=0.1342 val_micro_f1=0.3747 val_auc_pr=0.2629
2026-09-07 01:59:16,844 [train.task3] INFO: [bert_only] early stopping at epoch 16
2026-09-07 01:59:23,747 [train.task3] INFO: [bert_only] TEST: macro_f1=0.1389 micro_f1=0.1458 auc_pr=0.2323
2026-09-07 01:59:23,748 [train.task3] INFO: === Task 3 ablation: early_concat ===
2026-09-07 01:59:35,283 [train.task3] INFO: [early_concat] epoch 0: train_loss=0.4866 val_loss=0.3866 val_macro_f1=0.1707 val_micro_f1=0.3784 val_auc_pr=0.2620
2026-09-07 01:59:45,870 [train.task3] INFO: [early_concat] epoch 1: train_loss=0.3642 val_loss=0.3602 val_macro_f1=0.1707 val_micro_f1=0.4335 val_auc_pr=0.2618
2026-09-07 01:59:59,573 [train.task3] INFO: [early_concat] epoch 2: train_loss=0.3359 val_loss=0.3861 val_macro_f1=0.1852 val_micro_f1=0.3860 val_auc_pr=0.2430
2026-09-07 02:00:09,694 [train.task3] INFO: [early_concat] epoch 3: train_loss=0.3189 val_loss=0.3695 val_macro_f1=0.2072 val_micro_f1=0.4025 val_auc_pr=0.2705
2026-09-07 02:00:19,936 [train.task3] INFO: [early_concat] epoch 4: train_loss=0.3129 val_loss=0.3724 val_macro_f1=0.1481 val_micro_f1=0.4368 val_auc_pr=0.2383
2026-09-07 02:00:30,836 [train.task3] INFO: [early_concat] epoch 5: train_loss=0.3086 val_loss=0.3649 val_macro_f1=0.1767 val_micro_f1=0.4119 val_auc_pr=0.2397
2026-09-07 02:00:45,406 [train.task3] INFO: [early_concat] epoch 6: train_loss=0.3060 val_loss=0.3707 val_macro_f1=0.1935 val_micro_f1=0.4165 val_auc_pr=0.2672
2026-09-07 02:00:56,227 [train.task3] INFO: [early_concat] epoch 7: train_loss=0.3044 val_loss=0.3726 val_macro_f1=0.1943 val_micro_f1=0.4046 val_auc_pr=0.2687
2026-09-07 02:01:06,906 [train.task3] INFO: [early_concat] epoch 8: train_loss=0.3041 val_loss=0.3675 val_macro_f1=0.2004 val_micro_f1=0.4314 val_auc_pr=0.2393
2026-09-07 02:01:06,907 [train.task3] INFO: [early_concat] early stopping at epoch 8
2026-09-07 02:01:13,366 [train.task3] INFO: [early_concat] TEST: macro_f1=0.2022 micro_f1=0.2463 auc_pr=0.2867
2026-09-07 02:01:13,367 [train.task3] INFO: === Task 3 ablation: cross_attention ===
2026-09-07 02:01:24,497 [train.task3] INFO: [cross_attention] epoch 0: train_loss=0.4992 val_loss=0.3826 val_macro_f1=0.1354 val_micro_f1=0.3832 val_auc_pr=0.2427
2026-09-07 02:01:34,907 [train.task3] INFO: [cross_attention] epoch 1: train_loss=0.3962 val_loss=0.3693 val_macro_f1=0.1295 val_micro_f1=0.3694 val_auc_pr=0.2369
2026-09-07 02:01:48,756 [train.task3] INFO: [cross_attention] epoch 2: train_loss=0.3868 val_loss=0.3841 val_macro_f1=0.1393 val_micro_f1=0.3722 val_auc_pr=0.2264
2026-09-07 02:01:59,035 [train.task3] INFO: [cross_attention] epoch 3: train_loss=0.3823 val_loss=0.3750 val_macro_f1=0.1690 val_micro_f1=0.4396 val_auc_pr=0.2450
2026-09-07 02:02:09,522 [train.task3] INFO: [cross_attention] epoch 4: train_loss=0.3723 val_loss=0.3729 val_macro_f1=0.1417 val_micro_f1=0.4176 val_auc_pr=0.2358
2026-09-07 02:02:23,381 [train.task3] INFO: [cross_attention] epoch 5: train_loss=0.3638 val_loss=0.3689 val_macro_f1=0.1448 val_micro_f1=0.4392 val_auc_pr=0.2265
2026-09-07 02:02:34,585 [train.task3] INFO: [cross_attention] epoch 6: train_loss=0.3608 val_loss=0.3812 val_macro_f1=0.1323 val_micro_f1=0.3694 val_auc_pr=0.2178
2026-09-07 02:02:45,972 [train.task3] INFO: [cross_attention] epoch 7: train_loss=0.3590 val_loss=0.3802 val_macro_f1=0.1731 val_micro_f1=0.4163 val_auc_pr=0.2228
2026-09-07 02:03:00,593 [train.task3] INFO: [cross_attention] epoch 8: train_loss=0.3584 val_loss=0.3754 val_macro_f1=0.1294 val_micro_f1=0.3948 val_auc_pr=0.2184
2026-09-07 02:03:00,594 [train.task3] INFO: [cross_attention] early stopping at epoch 8
2026-09-07 02:03:03,529 [train.task3] INFO: [cross_attention] TEST: macro_f1=0.1532 micro_f1=0.1931 auc_pr=0.1990
2026-09-07 02:03:03,816 [train.task3] INFO: === Task 3 ablation comparison (test set) ===
2026-09-07 02:03:03,816 [train.task3] INFO: gnn_only: macro_f1=0.1518 micro_f1=0.1517 auc_pr=0.1956
2026-09-07 02:03:03,816 [train.task3] INFO: bert_only: macro_f1=0.1389 micro_f1=0.1458 auc_pr=0.2323
2026-09-07 02:03:03,816 [train.task3] INFO: early_concat: macro_f1=0.2022 micro_f1=0.2463 auc_pr=0.2867
2026-09-07 02:03:03,816 [train.task3] INFO: cross_attention: macro_f1=0.1532 micro_f1=0.1931 auc_pr=0.1990
